
> _ ERROR collecting 
tests/cloud_services/client_services/integration_adapters/unit/test_main.py _
  tests\cloud_services\client_services\integration_adapters\unit\test_main.py:2
1: in <module>
      if "integration_adapters" not in sys.modules:
                                       ^^^
  E   NameError: name 'sys' is not defined
> _ ERROR collecting tests/cloud_services/client_services/integration_adapters/
unit/test_middleware.py _
  tests\cloud_services\client_services\integration_adapters\unit\test_middlewar
e.py:23: in <module>
      if "integration_adapters" not in sys.modules:
                                       ^^^
  E   NameError: name 'sys' is not defined
> _ ERROR collecting 
tests/cloud_services/client_services/integration_adapters/unit/test_routes.py _
  tests\cloud_services\client_services\integration_adapters\unit\test_routes.py
:22: in <module>
      if "integration_adapters" not in sys.modules:
                                       ^^^
  E   NameError: name 'sys' is not defined
> _ ERROR collecting 
tests/cloud_services/product_services/detection_engine_core _
  C:\Users\pc\AppData\Local\Programs\Python\Python311\Lib\importlib\__init__.py
:126: in import_module
      return _bootstrap._gcd_import(name[level:], package, level)
             ^^^^^^^^^^^^^^^^^^^^^^^^^^^^^^^^^^^^^^^^^^^^^^^^^^^^
  <frozen importlib._bootstrap>:1204: in _gcd_import
      ???
> _ ERROR collecting tests/cloud_services/product_services/mmm_engine/integrati
on/test_real_clients.py _
  venv\Lib\site-packages\_pytest\python.py:498: in importtestmodule
      mod = import_path(
  venv\Lib\site-packages\_pytest\pathlib.py:587: in import_path
      importlib.import_module(module_name)
  C:\Users\pc\AppData\Local\Programs\Python\Python311\Lib\importlib\__init__.py
:126: in import_module
> _ ERROR collecting tests/cloud_services/product_services/mmm_engine/performan
ce/test_latency_slo.py _
  venv\Lib\site-packages\_pytest\python.py:498: in importtestmodule
      mod = import_path(
  venv\Lib\site-packages\_pytest\pathlib.py:587: in import_path
      importlib.import_module(module_name)
  C:\Users\pc\AppData\Local\Programs\Python\Python311\Lib\importlib\__init__.py
:126: in import_module
> _ ERROR collecting tests/cloud_services/product_services/mmm_engine/resilienc
e/test_degraded_modes.py _
  venv\Lib\site-packages\_pytest\python.py:498: in importtestmodule
      mod = import_path(
  venv\Lib\site-packages\_pytest\pathlib.py:587: in import_path
      importlib.import_module(module_name)
  C:\Users\pc\AppData\Local\Programs\Python\Python311\Lib\importlib\__init__.py
:126: in import_module
> _ ERROR collecting tests/cloud_services/product_services/mmm_engine/unit/test
_actor_preferences.py _
  venv\Lib\site-packages\_pytest\python.py:498: in importtestmodule
      mod = import_path(
  venv\Lib\site-packages\_pytest\pathlib.py:587: in import_path
      importlib.import_module(module_name)
  C:\Users\pc\AppData\Local\Programs\Python\Python311\Lib\importlib\__init__.py
:126: in import_module
> _ ERROR collecting tests/cloud_services/product_services/mmm_engine/unit/test
_circuit_breaker_thread_safety.py _
  venv\Lib\site-packages\_pytest\python.py:498: in importtestmodule
      mod = import_path(
  venv\Lib\site-packages\_pytest\pathlib.py:587: in import_path
      importlib.import_module(module_name)
  C:\Users\pc\AppData\Local\Programs\Python\Python311\Lib\importlib\__init__.py
:126: in import_module
> _ ERROR collecting 
tests/cloud_services/product_services/mmm_engine/unit/test_decide_endpoint.py _
  venv\Lib\site-packages\_pytest\python.py:498: in importtestmodule
      mod = import_path(
  venv\Lib\site-packages\_pytest\pathlib.py:587: in import_path
      importlib.import_module(module_name)
  C:\Users\pc\AppData\Local\Programs\Python\Python311\Lib\importlib\__init__.py
:126: in import_module
> _ ERROR collecting 
tests/cloud_services/product_services/mmm_engine/unit/test_delivery.py _
  venv\Lib\site-packages\_pytest\python.py:498: in importtestmodule
      mod = import_path(
  venv\Lib\site-packages\_pytest\pathlib.py:587: in import_path
      importlib.import_module(module_name)
  C:\Users\pc\AppData\Local\Programs\Python\Python311\Lib\importlib\__init__.py
:126: in import_module
> _ ERROR collecting 
tests/cloud_services/product_services/mmm_engine/unit/test_dual_channel.py _
  venv\Lib\site-packages\_pytest\python.py:498: in importtestmodule
      mod = import_path(
  venv\Lib\site-packages\_pytest\pathlib.py:587: in import_path
      importlib.import_module(module_name)
  C:\Users\pc\AppData\Local\Programs\Python\Python311\Lib\importlib\__init__.py
:126: in import_module
> _ ERROR collecting 
tests/cloud_services/product_services/mmm_engine/unit/test_experiments.py _
  venv\Lib\site-packages\_pytest\python.py:498: in importtestmodule
      mod = import_path(
  venv\Lib\site-packages\_pytest\pathlib.py:587: in import_path
      importlib.import_module(module_name)
  C:\Users\pc\AppData\Local\Programs\Python\Python311\Lib\importlib\__init__.py
:126: in import_module
> _ ERROR collecting tests/cloud_services/product_services/mmm_engine/unit/test
_fatigue_and_priority.py _
  venv\Lib\site-packages\_pytest\python.py:498: in importtestmodule
      mod = import_path(
  venv\Lib\site-packages\_pytest\pathlib.py:587: in import_path
      importlib.import_module(module_name)
  C:\Users\pc\AppData\Local\Programs\Python\Python311\Lib\importlib\__init__.py
:126: in import_module
> _ ERROR collecting 
tests/cloud_services/product_services/mmm_engine/unit/test_metrics.py _
  venv\Lib\site-packages\_pytest\python.py:498: in importtestmodule
      mod = import_path(
  venv\Lib\site-packages\_pytest\pathlib.py:587: in import_path
      importlib.import_module(module_name)
  C:\Users\pc\AppData\Local\Programs\Python\Python311\Lib\importlib\__init__.py
:126: in import_module
> _ ERROR collecting 
tests/cloud_services/product_services/mmm_engine/unit/test_outcomes.py _
  venv\Lib\site-packages\_pytest\python.py:498: in importtestmodule
      mod = import_path(
  venv\Lib\site-packages\_pytest\pathlib.py:587: in import_path
      importlib.import_module(module_name)
  C:\Users\pc\AppData\Local\Programs\Python\Python311\Lib\importlib\__init__.py
:126: in import_module
> _ ERROR collecting 
tests/cloud_services/product_services/mmm_engine/unit/test_playbook_crud.py _
  venv\Lib\site-packages\_pytest\python.py:498: in importtestmodule
      mod = import_path(
  venv\Lib\site-packages\_pytest\pathlib.py:587: in import_path
      importlib.import_module(module_name)
  C:\Users\pc\AppData\Local\Programs\Python\Python311\Lib\importlib\__init__.py
:126: in import_module
> _ ERROR collecting 
tests/cloud_services/product_services/mmm_engine/unit/test_tenant_policy.py _
  venv\Lib\site-packages\_pytest\python.py:498: in importtestmodule
      mod = import_path(
  venv\Lib\site-packages\_pytest\pathlib.py:587: in import_path
      importlib.import_module(module_name)
  C:\Users\pc\AppData\Local\Programs\Python\Python311\Lib\importlib\__init__.py
:126: in import_module
> _ ERROR collecting 
tests/cloud_services/product_services/mmm_engine/unit/test_throughput.py _
  venv\Lib\site-packages\_pytest\python.py:498: in importtestmodule
      mod = import_path(
  venv\Lib\site-packages\_pytest\pathlib.py:587: in import_path
      importlib.import_module(module_name)
  C:\Users\pc\AppData\Local\Programs\Python\Python311\Lib\importlib\__init__.py
:126: in import_module
> _ ERROR collecting tests/cloud_services/product_services/signal_ingestion_nor
malization/integration/test_routes.py _
  tests\cloud_services\product_services\signal_ingestion_normalization\integrat
ion\test_routes.py:50: in <module>
      main_module = sys.modules['signal_ingestion_normalization.main']
                    ^^^^^^^^^^^^^^^^^^^^^^^^^^^^^^^^^^^^^^^^^^^^^^^^^^
  E   KeyError: 'signal_ingestion_normalization.main'
> _ ERROR collecting tests/cloud_services/product_services/signal_ingestion_nor
malization/security/test_security.py _
  tests\cloud_services\product_services\signal_ingestion_normalization\security
\test_security.py:38: in <module>
      main_module = sys.modules['signal_ingestion_normalization.main']
                    ^^^^^^^^^^^^^^^^^^^^^^^^^^^^^^^^^^^^^^^^^^^^^^^^^^
  E   KeyError: 'signal_ingestion_normalization.main'
> _ ERROR collecting tests/cloud_services/product_services/signal_ingestion_nor
malization/unit/test_normalization.py _
  tests\cloud_services\product_services\signal_ingestion_normalization\unit\tes
t_normalization.py:22: in <module>
      spec_models = importlib.util.spec_from_file_location("signal_ingestion_no
rmalization.models", models_path)
                                                                               
                     ^^^^^^^^^^^
  E   NameError: name 'models_path' is not defined
> _ ERROR collecting tests/cloud_services/product_services/signal_ingestion_nor
malization/unit/test_routing.py _
  tests\cloud_services\product_services\signal_ingestion_normalization\unit\tes
t_routing.py:20: in <module>
      spec_models = importlib.util.spec_from_file_location("signal_ingestion_no
rmalization.models", models_path)
                                                                               
                     ^^^^^^^^^^^
  E   NameError: name 'models_path' is not defined
> _ ERROR collecting tests/cloud_services/product_services/signal_ingestion_nor
malization/unit/test_validation.py _
  tests\cloud_services\product_services\signal_ingestion_normalization\unit\tes
t_validation.py:22: in <module>
      spec_models = importlib.util.spec_from_file_location("signal_ingestion_no
rmalization.models", models_path)
                                                                               
                     ^^^^^^^^^^^
  E   NameError: name 'models_path' is not defined
> _ ERROR collecting tests/cloud_services/product_services/user_behaviour_intel
ligence/integration/test_config_change.py _
  venv\Lib\site-packages\_pytest\python.py:498: in importtestmodule
      mod = import_path(
  venv\Lib\site-packages\_pytest\pathlib.py:587: in import_path
      importlib.import_module(module_name)
  C:\Users\pc\AppData\Local\Programs\Python\Python311\Lib\importlib\__init__.py
:126: in import_module
> _ ERROR collecting tests/cloud_services/product_services/user_behaviour_intel
ligence/integration/test_e2e_events_to_signals.py _
  venv\Lib\site-packages\_pytest\python.py:498: in importtestmodule
      mod = import_path(
  venv\Lib\site-packages\_pytest\pathlib.py:587: in import_path
      importlib.import_module(module_name)
  C:\Users\pc\AppData\Local\Programs\Python\Python311\Lib\importlib\__init__.py
:126: in import_module
> _ ERROR collecting tests/cloud_services/product_services/user_behaviour_intel
ligence/integration/test_mmm_subscription.py _
  venv\Lib\site-packages\_pytest\python.py:498: in importtestmodule
      mod = import_path(
  venv\Lib\site-packages\_pytest\pathlib.py:587: in import_path
      importlib.import_module(module_name)
  C:\Users\pc\AppData\Local\Programs\Python\Python311\Lib\importlib\__init__.py
:126: in import_module
> _ ERROR collecting tests/cloud_services/product_services/user_behaviour_intel
ligence/integration/test_tenant_isolation.py _
  venv\Lib\site-packages\_pytest\python.py:498: in importtestmodule
      mod = import_path(
  venv\Lib\site-packages\_pytest\pathlib.py:587: in import_path
      importlib.import_module(module_name)
  C:\Users\pc\AppData\Local\Programs\Python\Python311\Lib\importlib\__init__.py
:126: in import_module
> _ ERROR collecting tests/cloud_services/product_services/user_behaviour_intel
ligence/performance/test_high_volume_processing.py _
  venv\Lib\site-packages\_pytest\python.py:498: in importtestmodule
      mod = import_path(
  venv\Lib\site-packages\_pytest\pathlib.py:587: in import_path
      importlib.import_module(module_name)
  C:\Users\pc\AppData\Local\Programs\Python\Python311\Lib\importlib\__init__.py
:126: in import_module
> _ ERROR collecting tests/cloud_services/product_services/user_behaviour_intel
ligence/resilience/test_eris_dependency.py _
  venv\Lib\site-packages\_pytest\python.py:498: in importtestmodule
      mod = import_path(
  venv\Lib\site-packages\_pytest\pathlib.py:587: in import_path
      importlib.import_module(module_name)
  C:\Users\pc\AppData\Local\Programs\Python\Python311\Lib\importlib\__init__.py
:126: in import_module
> _ ERROR collecting tests/cloud_services/product_services/user_behaviour_intel
ligence/resilience/test_pm3_outage.py _
  venv\Lib\site-packages\_pytest\python.py:498: in importtestmodule
      mod = import_path(
  venv\Lib\site-packages\_pytest\pathlib.py:587: in import_path
      importlib.import_module(module_name)
  C:\Users\pc\AppData\Local\Programs\Python\Python311\Lib\importlib\__init__.py
:126: in import_module
> _ ERROR collecting tests/cloud_services/product_services/user_behaviour_intel
ligence/security/test_iam_authorization.py _
  venv\Lib\site-packages\_pytest\python.py:498: in importtestmodule
      mod = import_path(
  venv\Lib\site-packages\_pytest\pathlib.py:587: in import_path
      importlib.import_module(module_name)
  C:\Users\pc\AppData\Local\Programs\Python\Python311\Lib\importlib\__init__.py
:126: in import_module
> _ ERROR collecting tests/cloud_services/product_services/user_behaviour_intel
ligence/unit/test_actor_parity.py _
  venv\Lib\site-packages\_pytest\python.py:498: in importtestmodule
      mod = import_path(
  venv\Lib\site-packages\_pytest\pathlib.py:587: in import_path
      importlib.import_module(module_name)
  C:\Users\pc\AppData\Local\Programs\Python\Python311\Lib\importlib\__init__.py
:126: in import_module
> _ ERROR collecting tests/cloud_services/product_services/user_behaviour_intel
ligence/unit/test_anomaly_detection.py _
  venv\Lib\site-packages\_pytest\python.py:498: in importtestmodule
      mod = import_path(
  venv\Lib\site-packages\_pytest\pathlib.py:587: in import_path
      importlib.import_module(module_name)
  C:\Users\pc\AppData\Local\Programs\Python\Python311\Lib\importlib\__init__.py
:126: in import_module
> _ ERROR collecting tests/cloud_services/product_services/user_behaviour_intel
ligence/unit/test_baseline_computation.py _
  venv\Lib\site-packages\_pytest\python.py:498: in importtestmodule
      mod = import_path(
  venv\Lib\site-packages\_pytest\pathlib.py:587: in import_path
      importlib.import_module(module_name)
  C:\Users\pc\AppData\Local\Programs\Python\Python311\Lib\importlib\__init__.py
:126: in import_module
> _ ERROR collecting tests/cloud_services/product_services/user_behaviour_intel
ligence/unit/test_data_minimisation.py _
  venv\Lib\site-packages\_pytest\python.py:498: in importtestmodule
      mod = import_path(
  venv\Lib\site-packages\_pytest\pathlib.py:587: in import_path
      importlib.import_module(module_name)
  C:\Users\pc\AppData\Local\Programs\Python\Python311\Lib\importlib\__init__.py
:126: in import_module
> _ ERROR collecting tests/cloud_services/product_services/user_behaviour_intel
ligence/unit/test_feature_computation.py _
  venv\Lib\site-packages\_pytest\python.py:498: in importtestmodule
      mod = import_path(
  venv\Lib\site-packages\_pytest\pathlib.py:587: in import_path
      importlib.import_module(module_name)
  C:\Users\pc\AppData\Local\Programs\Python\Python311\Lib\importlib\__init__.py
:126: in import_module
> _ ERROR collecting tests/cloud_services/product_services/user_behaviour_intel
ligence/unit/test_privacy_filtering.py _
  venv\Lib\site-packages\_pytest\python.py:498: in importtestmodule
      mod = import_path(
  venv\Lib\site-packages\_pytest\pathlib.py:587: in import_path
      importlib.import_module(module_name)
  C:\Users\pc\AppData\Local\Programs\Python\Python311\Lib\importlib\__init__.py
:126: in import_module
> _ ERROR collecting tests/cloud_services/shared_services/alerting_notification
_service/performance/test_p1_paging_latency.py _
  venv\Lib\site-packages\_pytest\python.py:498: in importtestmodule
      mod = import_path(
  venv\Lib\site-packages\_pytest\pathlib.py:587: in import_path
      importlib.import_module(module_name)
  C:\Users\pc\AppData\Local\Programs\Python\Python311\Lib\importlib\__init__.py
:126: in import_module
> _ ERROR collecting tests/cloud_services/shared_services/alerting_notification
_service/unit/test_dependencies_and_session.py _
  venv\Lib\site-packages\_pytest\python.py:498: in importtestmodule
      mod = import_path(
  venv\Lib\site-packages\_pytest\pathlib.py:587: in import_path
      importlib.import_module(module_name)
  C:\Users\pc\AppData\Local\Programs\Python\Python311\Lib\importlib\__init__.py
:126: in import_module
> _ ERROR collecting tests/cloud_services/shared_services/alerting_notification
_service/unit/test_main_endpoints.py _
  ImportError while importing test module 'D:\Projects\ZeroUI2.1\tests\cloud_se
rvices\shared_services\alerting_notification_service\unit\test_main_endpoints.p
y'.
  Hint: make sure your test modules/packages have valid Python names.
  Traceback:
  C:\Users\pc\AppData\Local\Programs\Python\Python311\Lib\importlib\__init__.py
:126: in import_module
      return _bootstrap._gcd_import(name[level:], package, level)
> _ ERROR collecting tests/cloud_services/shared_services/alerting_notification
_service/unit/test_routes_comprehensive.py _
  ImportError while importing test module 'D:\Projects\ZeroUI2.1\tests\cloud_se
rvices\shared_services\alerting_notification_service\unit\test_routes_comprehen
sive.py'.
  Hint: make sure your test modules/packages have valid Python names.
  Traceback:
  C:\Users\pc\AppData\Local\Programs\Python\Python311\Lib\importlib\__init__.py
:126: in import_module
      return _bootstrap._gcd_import(name[level:], package, level)
> _ ERROR collecting tests/cloud_services/shared_services/budgeting_rate_limiti
ng_cost_observability/integration/test_budget_enforcement_matrix.py _
  ImportError while importing test module 'D:\Projects\ZeroUI2.1\tests\cloud_se
rvices\shared_services\budgeting_rate_limiting_cost_observability\integration\t
est_budget_enforcement_matrix.py'.
  Hint: make sure your test modules/packages have valid Python names.
  Traceback:
  C:\Users\pc\AppData\Local\Programs\Python\Python311\Lib\importlib\__init__.py
:126: in import_module
      return _bootstrap._gcd_import(name[level:], package, level)
> _ ERROR collecting tests/cloud_services/shared_services/budgeting_rate_limiti
ng_cost_observability/performance/test_budget_check_latency.py _
  ImportError while importing test module 'D:\Projects\ZeroUI2.1\tests\cloud_se
rvices\shared_services\budgeting_rate_limiting_cost_observability\performance\t
est_budget_check_latency.py'.
  Hint: make sure your test modules/packages have valid Python names.
  Traceback:
  C:\Users\pc\AppData\Local\Programs\Python\Python311\Lib\importlib\__init__.py
:126: in import_module
      return _bootstrap._gcd_import(name[level:], package, level)
> _ ERROR collecting tests/cloud_services/shared_services/budgeting_rate_limiti
ng_cost_observability/performance/test_rate_limit_counter_accuracy.py _
  ImportError while importing test module 'D:\Projects\ZeroUI2.1\tests\cloud_se
rvices\shared_services\budgeting_rate_limiting_cost_observability\performance\t
est_rate_limit_counter_accuracy.py'.
  Hint: make sure your test modules/packages have valid Python names.
  Traceback:
  C:\Users\pc\AppData\Local\Programs\Python\Python311\Lib\importlib\__init__.py
:126: in import_module
      return _bootstrap._gcd_import(name[level:], package, level)
> _ ERROR collecting tests/cloud_services/shared_services/budgeting_rate_limiti
ng_cost_observability/unit/test_threshold_breach_evidence.py _
  ImportError while importing test module 'D:\Projects\ZeroUI2.1\tests\cloud_se
rvices\shared_services\budgeting_rate_limiting_cost_observability\unit\test_thr
eshold_breach_evidence.py'.
  Hint: make sure your test modules/packages have valid Python names.
  Traceback:
  C:\Users\pc\AppData\Local\Programs\Python\Python311\Lib\importlib\__init__.py
:126: in import_module
      return _bootstrap._gcd_import(name[level:], package, level)
> _ ERROR collecting tests/cloud_services/shared_services/contracts_schema_regi
stry/integration/test_integration.py _
  venv\Lib\site-packages\_pytest\python.py:498: in importtestmodule
      mod = import_path(
  venv\Lib\site-packages\_pytest\pathlib.py:587: in import_path
      importlib.import_module(module_name)
  C:\Users\pc\AppData\Local\Programs\Python\Python311\Lib\importlib\__init__.py
:126: in import_module
> _ ERROR collecting tests/cloud_services/shared_services/contracts_schema_regi
stry/security/test_security.py _
  venv\Lib\site-packages\_pytest\python.py:498: in importtestmodule
      mod = import_path(
  venv\Lib\site-packages\_pytest\pathlib.py:587: in import_path
      importlib.import_module(module_name)
  C:\Users\pc\AppData\Local\Programs\Python\Python311\Lib\importlib\__init__.py
:126: in import_module
> _ ERROR collecting tests/cloud_services/shared_services/data_governance_priva
cy/performance/test_latency_budgets.py _
  venv\Lib\site-packages\_pytest\python.py:498: in importtestmodule
      mod = import_path(
  venv\Lib\site-packages\_pytest\pathlib.py:587: in import_path
      importlib.import_module(module_name)
  C:\Users\pc\AppData\Local\Programs\Python\Python311\Lib\importlib\__init__.py
:126: in import_module
> _ ERROR collecting tests/cloud_services/shared_services/data_governance_priva
cy/security/test_cross_tenant_export_blocked.py _
  venv\Lib\site-packages\_pytest\python.py:498: in importtestmodule
      mod = import_path(
  venv\Lib\site-packages\_pytest\pathlib.py:587: in import_path
      importlib.import_module(module_name)
  C:\Users\pc\AppData\Local\Programs\Python\Python311\Lib\importlib\__init__.py
:126: in import_module
> _ ERROR collecting tests/cloud_services/shared_services/data_governance_priva
cy/unit/test_right_to_erasure_workflow.py _
  venv\Lib\site-packages\_pytest\python.py:498: in importtestmodule
      mod = import_path(
  venv\Lib\site-packages\_pytest\pathlib.py:587: in import_path
      importlib.import_module(module_name)
  C:\Users\pc\AppData\Local\Programs\Python\Python311\Lib\importlib\__init__.py
:126: in import_module
> _ ERROR collecting tests/cloud_services/shared_services/evidence_receipt_inde
xing_service/unit/test_services.py _
  src\cloud_services\shared-services\evidence-receipt-indexing-service\services
.py:30: in <module>
      from .database.session import SessionLocal
  src\cloud_services\shared-services\evidence-receipt-indexing-service\database
\session.py:25: in <module>
      engine = create_engine(
  <string>:2: in create_engine
> _ ERROR collecting tests/cloud_services/shared_services/health_reliability_mo
nitoring/integration/test_routes.py _
  ImportError while importing test module 'D:\Projects\ZeroUI2.1\tests\cloud_se
rvices\shared_services\health_reliability_monitoring\integration\test_routes.py
'.
  Hint: make sure your test modules/packages have valid Python names.
  Traceback:
  C:\Users\pc\AppData\Local\Programs\Python\Python311\Lib\importlib\__init__.py
:126: in import_module
      return _bootstrap._gcd_import(name[level:], package, level)
> _ ERROR collecting tests/cloud_services/shared_services/health_reliability_mo
nitoring/performance/test_performance.py _
  venv\Lib\site-packages\_pytest\python.py:498: in importtestmodule
      mod = import_path(
  venv\Lib\site-packages\_pytest\pathlib.py:587: in import_path
      importlib.import_module(module_name)
  C:\Users\pc\AppData\Local\Programs\Python\Python311\Lib\importlib\__init__.py
:126: in import_module
> _ ERROR collecting tests/cloud_services/shared_services/health_reliability_mo
nitoring/security/test_security.py _
  ImportError while importing test module 'D:\Projects\ZeroUI2.1\tests\cloud_se
rvices\shared_services\health_reliability_monitoring\security\test_security.py'
.
  Hint: make sure your test modules/packages have valid Python names.
  Traceback:
  C:\Users\pc\AppData\Local\Programs\Python\Python311\Lib\importlib\__init__.py
:126: in import_module
      return _bootstrap._gcd_import(name[level:], package, level)
> _ ERROR collecting tests/cloud_services/shared_services/health_reliability_mo
nitoring/unit/test_slo_service.py _
  venv\Lib\site-packages\_pytest\python.py:498: in importtestmodule
      mod = import_path(
  venv\Lib\site-packages\_pytest\pathlib.py:587: in import_path
      importlib.import_module(module_name)
  C:\Users\pc\AppData\Local\Programs\Python\Python311\Lib\importlib\__init__.py
:126: in import_module
> _ ERROR collecting tests/cloud_services/shared_services/identity_access_manag
ement/security/test_security.py _
  ImportError while importing test module 'D:\Projects\ZeroUI2.1\tests\cloud_se
rvices\shared_services\identity_access_management\security\test_security.py'.
  Hint: make sure your test modules/packages have valid Python names.
  Traceback:
  C:\Users\pc\AppData\Local\Programs\Python\Python311\Lib\importlib\__init__.py
:126: in import_module
      return _bootstrap._gcd_import(name[level:], package, level)
> _ ERROR collecting tests/cloud_services/shared_services/identity_access_manag
ement/security/test_security_comprehensive.py _
  venv\Lib\site-packages\_pytest\python.py:498: in importtestmodule
      mod = import_path(
  venv\Lib\site-packages\_pytest\pathlib.py:587: in import_path
      importlib.import_module(module_name)
  C:\Users\pc\AppData\Local\Programs\Python\Python311\Lib\importlib\__init__.py
:126: in import_module
> _ ERROR collecting tests/cloud_services/shared_services/identity_access_manag
ement/unit/test_identity_access_management_routes.py _
  ImportError while importing test module 'D:\Projects\ZeroUI2.1\tests\cloud_se
rvices\shared_services\identity_access_management\unit\test_identity_access_man
agement_routes.py'.
  Hint: make sure your test modules/packages have valid Python names.
  Traceback:
  C:\Users\pc\AppData\Local\Programs\Python\Python311\Lib\importlib\__init__.py
:126: in import_module
      return _bootstrap._gcd_import(name[level:], package, level)
> _ ERROR collecting tests/cloud_services/shared_services/key_management_servic
e/security/test_security.py _
  ImportError while importing test module 'D:\Projects\ZeroUI2.1\tests\cloud_se
rvices\shared_services\key_management_service\security\test_security.py'.
  Hint: make sure your test modules/packages have valid Python names.
  Traceback:
  C:\Users\pc\AppData\Local\Programs\Python\Python311\Lib\importlib\__init__.py
:126: in import_module
      return _bootstrap._gcd_import(name[level:], package, level)
> _ ERROR collecting tests/cloud_services/shared_services/key_management_servic
e/security/test_security_comprehensive.py _
  ImportError while importing test module 'D:\Projects\ZeroUI2.1\tests\cloud_se
rvices\shared_services\key_management_service\security\test_security_comprehens
ive.py'.
  Hint: make sure your test modules/packages have valid Python names.
  Traceback:
  C:\Users\pc\AppData\Local\Programs\Python\Python311\Lib\importlib\__init__.py
:126: in import_module
      return _bootstrap._gcd_import(name[level:], package, level)
> _ ERROR collecting tests/cloud_services/shared_services/key_management_servic
e/unit/test_key_management_service_routes.py _
  ImportError while importing test module 'D:\Projects\ZeroUI2.1\tests\cloud_se
rvices\shared_services\key_management_service\unit\test_key_management_service_
routes.py'.
  Hint: make sure your test modules/packages have valid Python names.
  Traceback:
  C:\Users\pc\AppData\Local\Programs\Python\Python311\Lib\importlib\__init__.py
:126: in import_module
      return _bootstrap._gcd_import(name[level:], package, level)
> _ ERROR collecting tests/cloud_services/shared_services/ollama_ai_agent/integ
ration/test_routes.py _
  tests\cloud_services\shared_services\ollama_ai_agent\integration\test_routes.
py:28: in <module>
      spec_models.loader.exec_module(models_module)
  <frozen importlib._bootstrap_external>:936: in exec_module
      ???
  <frozen importlib._bootstrap_external>:1073: in get_code
> _ ERROR collecting 
tests/cloud_services/shared_services/ollama_ai_agent/unit/test_services.py _
  venv\Lib\site-packages\_pytest\python.py:498: in importtestmodule
      mod = import_path(
  venv\Lib\site-packages\_pytest\pathlib.py:587: in import_path
      importlib.import_module(module_name)
  C:\Users\pc\AppData\Local\Programs\Python\Python311\Lib\importlib\__init__.py
:126: in import_module
> _ ERROR collecting 
tests/health_reliability_monitoring/integration/test_api.py _
  ImportError while importing test module 'D:\Projects\ZeroUI2.1\tests\health_r
eliability_monitoring\integration\test_api.py'.
  Hint: make sure your test modules/packages have valid Python names.
  Traceback:
  C:\Users\pc\AppData\Local\Programs\Python\Python311\Lib\importlib\__init__.py
:126: in import_module
      return _bootstrap._gcd_import(name[level:], package, level)
> _ ERROR collecting 
tests/health_reliability_monitoring/performance/test_performance.py _
  venv\Lib\site-packages\_pytest\python.py:498: in importtestmodule
      mod = import_path(
  venv\Lib\site-packages\_pytest\pathlib.py:587: in import_path
      importlib.import_module(module_name)
  C:\Users\pc\AppData\Local\Programs\Python\Python311\Lib\importlib\__init__.py
:126: in import_module
> _ ERROR collecting 
tests/health_reliability_monitoring/security/test_security.py _
  venv\Lib\site-packages\_pytest\python.py:498: in importtestmodule
      mod = import_path(
  venv\Lib\site-packages\_pytest\pathlib.py:587: in import_path
      importlib.import_module(module_name)
  C:\Users\pc\AppData\Local\Programs\Python\Python311\Lib\importlib\__init__.py
:126: in import_module
> _ ERROR collecting 
tests/health_reliability_monitoring/unit/test_full_module.py _
  venv\Lib\site-packages\_pytest\python.py:498: in importtestmodule
      mod = import_path(
  venv\Lib\site-packages\_pytest\pathlib.py:587: in import_path
      importlib.import_module(module_name)
  C:\Users\pc\AppData\Local\Programs\Python\Python311\Lib\importlib\__init__.py
:126: in import_module
> _____________________ ERROR collecting tests/llm_gateway 
______________________
  C:\Users\pc\AppData\Local\Programs\Python\Python311\Lib\importlib\__init__.py
:126: in import_module
      return _bootstrap._gcd_import(name[level:], package, level)
             ^^^^^^^^^^^^^^^^^^^^^^^^^^^^^^^^^^^^^^^^^^^^^^^^^^^^
  <frozen importlib._bootstrap>:1204: in _gcd_import
      ???
> _ ERROR collecting 
tests/mmm_engine/reliability/test_circuit_breaker_thread_safety.py _
  venv\Lib\site-packages\_pytest\python.py:498: in importtestmodule
      mod = import_path(
  venv\Lib\site-packages\_pytest\pathlib.py:587: in import_path
      importlib.import_module(module_name)
  C:\Users\pc\AppData\Local\Programs\Python\Python311\Lib\importlib\__init__.py
:126: in import_module
> _________________________ ERROR collecting tests/sin 
__________________________
  C:\Users\pc\AppData\Local\Programs\Python\Python311\Lib\importlib\__init__.py
:126: in import_module
      return _bootstrap._gcd_import(name[level:], package, level)
             ^^^^^^^^^^^^^^^^^^^^^^^^^^^^^^^^^^^^^^^^^^^^^^^^^^^^
  <frozen importlib._bootstrap>:1204: in _gcd_import
      ???
> ___ ERROR collecting tests/test_configuration_policy_management_service.py 
____
  venv\Lib\site-packages\_pytest\python.py:498: in importtestmodule
      mod = import_path(
  venv\Lib\site-packages\_pytest\pathlib.py:587: in import_path
      importlib.import_module(module_name)
  C:\Users\pc\AppData\Local\Programs\Python\Python311\Lib\importlib\__init__.py
:126: in import_module
> ______ ERROR collecting tests/test_constitution_comprehensive_runner.py 
_______
  venv\Lib\site-packages\_pytest\python.py:498: in importtestmodule
      mod = import_path(
  venv\Lib\site-packages\_pytest\pathlib.py:587: in import_path
      importlib.import_module(module_name)
  C:\Users\pc\AppData\Local\Programs\Python\Python311\Lib\importlib\__init__.py
:126: in import_module
> _________ ERROR collecting tests/test_constitution_rule_semantics.py 
__________
  venv\Lib\site-packages\_pytest\python.py:498: in importtestmodule
      mod = import_path(
  venv\Lib\site-packages\_pytest\pathlib.py:587: in import_path
      importlib.import_module(module_name)
  C:\Users\pc\AppData\Local\Programs\Python\Python311\Lib\importlib\__init__.py
:126: in import_module
> ________ ERROR collecting tests/test_contracts_schema_registry_api.py 
_________
  venv\Lib\site-packages\_pytest\python.py:498: in importtestmodule
      mod = import_path(
  venv\Lib\site-packages\_pytest\pathlib.py:587: in import_path
      importlib.import_module(module_name)
  C:\Users\pc\AppData\Local\Programs\Python\Python311\Lib\importlib\__init__.py
:126: in import_module
> __________ ERROR collecting tests/test_deterministic_enforcement.py 
___________
  venv\Lib\site-packages\_pytest\python.py:498: in importtestmodule
      mod = import_path(
  venv\Lib\site-packages\_pytest\pathlib.py:587: in import_path
      importlib.import_module(module_name)
  C:\Users\pc\AppData\Local\Programs\Python\Python311\Lib\importlib\__init__.py
:126: in import_module
> _______________ ERROR collecting tests/test_enforcement_flow.py 
_______________
  venv\Lib\site-packages\_pytest\python.py:498: in importtestmodule
      mod = import_path(
  venv\Lib\site-packages\_pytest\pathlib.py:587: in import_path
      importlib.import_module(module_name)
  C:\Users\pc\AppData\Local\Programs\Python\Python311\Lib\importlib\__init__.py
:126: in import_module
> __________________ ERROR collecting tests/test_iam_routes.py 
__________________
  venv\Lib\site-packages\_pytest\python.py:498: in importtestmodule
      mod = import_path(
  venv\Lib\site-packages\_pytest\pathlib.py:587: in import_path
      importlib.import_module(module_name)
  C:\Users\pc\AppData\Local\Programs\Python\Python311\Lib\importlib\__init__.py
:126: in import_module
> __________________ ERROR collecting tests/test_kms_routes.py 
__________________
  ImportError while importing test module 
'D:\Projects\ZeroUI2.1\tests\test_kms_routes.py'.
  Hint: make sure your test modules/packages have valid Python names.
  Traceback:
  C:\Users\pc\AppData\Local\Programs\Python\Python311\Lib\importlib\__init__.py
:126: in import_module
      return _bootstrap._gcd_import(name[level:], package, level)
> ______________ ERROR collecting tests/test_ollama_ai_service.py 
_______________
  venv\Lib\site-packages\_pytest\python.py:498: in importtestmodule
      mod = import_path(
  venv\Lib\site-packages\_pytest\pathlib.py:587: in import_path
      importlib.import_module(module_name)
  C:\Users\pc\AppData\Local\Programs\Python\Python311\Lib\importlib\__init__.py
:126: in import_module
> __________ ERROR collecting tests/test_post_generation_validator.py 
___________
  venv\Lib\site-packages\_pytest\python.py:498: in importtestmodule
      mod = import_path(
  venv\Lib\site-packages\_pytest\pathlib.py:587: in import_path
      importlib.import_module(module_name)
  C:\Users\pc\AppData\Local\Programs\Python\Python311\Lib\importlib\__init__.py
:126: in import_module
> _________ ERROR collecting tests/test_pre_implementation_artifacts.py 
_________
  venv\Lib\site-packages\_pytest\python.py:498: in importtestmodule
      mod = import_path(
  venv\Lib\site-packages\_pytest\pathlib.py:587: in import_path
      importlib.import_module(module_name)
  C:\Users\pc\AppData\Local\Programs\Python\Python311\Lib\importlib\__init__.py
:126: in import_module


